<input type="hidden" name="_token" value="" autocomplete="off">