Hello Bar
        2
        4
        6
        8
        10
<div>x is true</div>


    <p>This is my block with some variable foobar</p>
