http://localhost/test/detail
http://localhost/test/detail
http://localhost/test
http://localhost/test/detail
http://localhost/test/detail/654
http://localhost/test/detail/123
http://localhost/admin/test/detail
http://localhost/test/link/987
http://localhost/test/link/456
http://localhost/test/link/987?foo=bar
http://localhost/test/link?foo=bar
http://localhost/test/detail/147?lang=cs
http://localhost/test/detail/147?foo=bar&amp;lang=cs&amp;x=1
http://localhost/test/detail/1?foo=bar&amp;lang=cs
http://localhost/test/detail/1?foo=bar&amp;lang=cs
http://localhost/test/detail
http://localhost/test/detail/1?foo=bar&amp;lang=cs