<input type="hidden" name="_method" value="PUT">
<input type="hidden" name="_method" value="DELETE">
<input type="hidden" name="_method" value="patch">
<input type="hidden" name="_method" value="PUT">