<a href="http://localhost/test/detail" class="foo">Click me</a>
<a href="http://localhost/test/detail" class="foo">Click me</a>
<a href="http://localhost/test" class="foo">Click me</a>
<a href="http://localhost/test/detail" class="foo">Click me</a>
<a href="http://localhost/test/detail/654" class="foo">Click me</a>
<a href="http://localhost/test/detail/123" class="foo">Click me</a>
<a href="http://localhost/admin/test/detail" class="foo">Click me</a>
<a href="http://localhost/test/n-href/987" class="foo">Click me</a>
<a href="http://localhost/test/n-href/456" class="foo">Click me</a>
<a href="http://localhost/test/n-href/987?foo=bar" class="foo">Click me</a>
<a href="http://localhost/test/n-href?foo=bar" class="foo">Click me</a>
<a href="http://localhost/test/detail/147?lang=cs" class="foo">Click me</a>
<a href="http://localhost/test/detail/147?foo=bar&amp;lang=cs&amp;x=1" class="foo">Click me</a>
<a href="http://localhost/test/detail/1?foo=bar&amp;lang=cs" class="foo">Click me</a>
<a href="http://localhost/test/detail/1?foo=bar&amp;lang=cs" class="foo">Click me</a>