Lorem<br>
ipsum<br>
dolor sit
Lorem<br />
ipsum<br />
dolor sit
Lorem<br>
ipsum<br>
dolor sit