Welcome to our application!
Welcome to our application!
The action was completed successfully.
Hello JOHN
Hello MARRY
Goodbye Tom
Goodbye Jane
There is one apple
There are many apples
There are many apples
There are none pears
There are some pears
There are many pears
1 minute ago
2 minutes ago
10 minutes ago
There are none
There is one
There are 10
Welcome to our application!