Vítejte v naší aplikaci!
Vítejte v naší aplikaci!
Akce byla úspěšně dokončena.
Ahoj JOHN
Ahoj MARRY
Nashledanou Tom
Nashledanou Jane
Je tam jedno jablko
Je tam několik jablek
Je tam několik jablek
Není tam žádná hruška
Je tam několik hrušek
Je tam mnoho hrušek
před 1 minutou
před 2 minutami
před 10 minutami
Není tam žádný
Je tam jeden
Je tam 10
Welcome to our application!